// Jest Snapshot v1, https://goo.gl/fbAQLP

exports[`Home component renders without errors 1`] = `
<div>
  <Header />
  <section
    className="home"
  >
    <div>
      Recommend a title
    </div>
  </section>
</div>
`;
